2025-11-05 18:47:41,499 -  nornir.core -  WARNING -        run() - Task 'push_csr_config' has not been run – 0 hosts selected
2025-11-05 18:52:27,580 -  nornir.core -  WARNING -        run() - Task 'push_csr_config' has not been run – 0 hosts selected
2025-11-05 19:10:15,412 -  nornir.core -  WARNING -        run() - Task 'push_csr_config' has not been run – 0 hosts selected
2025-11-05 19:11:38,685 -  nornir.core -  WARNING -        run() - Task 'hello_world' has not been run – 0 hosts selected
2025-11-05 19:13:36,101 -  nornir.core -     INFO -        run() - Running task 'hello_world' with args {} on 2 hosts
2025-11-05 19:14:35,999 -  nornir.core -     INFO -        run() - Running task 'hello_world' with args {} on 2 hosts
2025-11-05 19:15:01,979 -  nornir.core -     INFO -        run() - Running task 'hello_world' with args {} on 2 hosts
2025-11-05 19:15:14,996 -  nornir.core -     INFO -        run() - Running task 'hello_world' with args {} on 2 hosts
2025-11-05 19:17:11,567 -  nornir.core -     INFO -        run() - Running task 'hello_world' with args {} on 2 hosts
2025-11-05 19:20:54,111 -  nornir.core -     INFO -        run() - Running task 'hello_world' with args {} on 2 hosts
2025-11-05 19:21:35,167 -  nornir.core -     INFO -        run() - Running task 'hello_world' with args {} on 2 hosts
2025-11-05 19:22:41,270 -  nornir.core -     INFO -        run() - Running task 'hello_world' with args {} on 2 hosts
2025-11-05 19:23:33,701 -  nornir.core -     INFO -        run() - Running task 'hello_world' with args {} on 2 hosts
2025-11-05 19:23:33,702 - nornir.core.task -    ERROR -      start() - Host 'CSR1': task 'hello_world' failed with traceback:
Traceback (most recent call last):
  File "/home/tingle/myProject/qyt-aiops-session-17/.venv/lib/python3.11/site-packages/nornir/core/task.py", line 98, in start
    r = self.task(self, **self.params)
        ^^^^^^^^^^^^^^^^^^^^^^^^^^^^^^
  File "/home/tingle/myProject/qyt-aiops-session-17/homework/opensourcesoftware/Day_2/nornir/demo.py", line 37, in hello_world
    result=f"{task.host.data['name-servers']} says hello world!"
              ~~~~~~~~~~~~~~^^^^^^^^^^^^^^^^
KeyError: 'name-servers'

2025-11-05 19:23:33,703 - nornir.core.task -    ERROR -      start() - Host 'CSR2': task 'hello_world' failed with traceback:
Traceback (most recent call last):
  File "/home/tingle/myProject/qyt-aiops-session-17/.venv/lib/python3.11/site-packages/nornir/core/task.py", line 98, in start
    r = self.task(self, **self.params)
        ^^^^^^^^^^^^^^^^^^^^^^^^^^^^^^
  File "/home/tingle/myProject/qyt-aiops-session-17/homework/opensourcesoftware/Day_2/nornir/demo.py", line 37, in hello_world
    result=f"{task.host.data['name-servers']} says hello world!"
              ~~~~~~~~~~~~~~^^^^^^^^^^^^^^^^
KeyError: 'name-servers'

2025-11-05 19:23:47,779 -  nornir.core -     INFO -        run() - Running task 'hello_world' with args {} on 2 hosts
2025-11-06 01:25:06,844 -  nornir.core -     INFO -        run() - Running task 'push_csr_config' with args {} on 2 hosts
2025-11-06 01:25:06,847 - nornir.core.task -    ERROR -      start() - Host 'CSR1': task 'push_csr_config' failed with traceback:
Traceback (most recent call last):
  File "/home/tingle/myProject/qyt-aiops-session-17/.venv/lib/python3.11/site-packages/nornir/core/task.py", line 98, in start
    r = self.task(self, **self.params)
        ^^^^^^^^^^^^^^^^^^^^^^^^^^^^^^
  File "/home/tingle/myProject/qyt-aiops-session-17/homework/opensourcesoftware/Day_2/nornir/demo.py", line 41, in push_csr_config
    template = env.get_template("csr1000v_config.j2")
               ^^^^^^^^^^^^^^^^^^^^^^^^^^^^^^^^^^^^^^
  File "/home/tingle/myProject/qyt-aiops-session-17/.venv/lib/python3.11/site-packages/jinja2/environment.py", line 1016, in get_template
    return self._load_template(name, globals)
           ^^^^^^^^^^^^^^^^^^^^^^^^^^^^^^^^^^
  File "/home/tingle/myProject/qyt-aiops-session-17/.venv/lib/python3.11/site-packages/jinja2/environment.py", line 975, in _load_template
    template = self.loader.load(self, name, self.make_globals(globals))
               ^^^^^^^^^^^^^^^^^^^^^^^^^^^^^^^^^^^^^^^^^^^^^^^^^^^^^^^^
  File "/home/tingle/myProject/qyt-aiops-session-17/.venv/lib/python3.11/site-packages/jinja2/loaders.py", line 126, in load
    source, filename, uptodate = self.get_source(environment, name)
                                 ^^^^^^^^^^^^^^^^^^^^^^^^^^^^^^^^^^
  File "/home/tingle/myProject/qyt-aiops-session-17/.venv/lib/python3.11/site-packages/jinja2/loaders.py", line 209, in get_source
    raise TemplateNotFound(
jinja2.exceptions.TemplateNotFound: 'csr1000v_config.j2' not found in search path: 'templates'

2025-11-06 01:25:06,848 - nornir.core.task -    ERROR -      start() - Host 'CSR2': task 'push_csr_config' failed with traceback:
Traceback (most recent call last):
  File "/home/tingle/myProject/qyt-aiops-session-17/.venv/lib/python3.11/site-packages/nornir/core/task.py", line 98, in start
    r = self.task(self, **self.params)
        ^^^^^^^^^^^^^^^^^^^^^^^^^^^^^^
  File "/home/tingle/myProject/qyt-aiops-session-17/homework/opensourcesoftware/Day_2/nornir/demo.py", line 41, in push_csr_config
    template = env.get_template("csr1000v_config.j2")
               ^^^^^^^^^^^^^^^^^^^^^^^^^^^^^^^^^^^^^^
  File "/home/tingle/myProject/qyt-aiops-session-17/.venv/lib/python3.11/site-packages/jinja2/environment.py", line 1016, in get_template
    return self._load_template(name, globals)
           ^^^^^^^^^^^^^^^^^^^^^^^^^^^^^^^^^^
  File "/home/tingle/myProject/qyt-aiops-session-17/.venv/lib/python3.11/site-packages/jinja2/environment.py", line 975, in _load_template
    template = self.loader.load(self, name, self.make_globals(globals))
               ^^^^^^^^^^^^^^^^^^^^^^^^^^^^^^^^^^^^^^^^^^^^^^^^^^^^^^^^
  File "/home/tingle/myProject/qyt-aiops-session-17/.venv/lib/python3.11/site-packages/jinja2/loaders.py", line 126, in load
    source, filename, uptodate = self.get_source(environment, name)
                                 ^^^^^^^^^^^^^^^^^^^^^^^^^^^^^^^^^^
  File "/home/tingle/myProject/qyt-aiops-session-17/.venv/lib/python3.11/site-packages/jinja2/loaders.py", line 209, in get_source
    raise TemplateNotFound(
jinja2.exceptions.TemplateNotFound: 'csr1000v_config.j2' not found in search path: 'templates'

2025-11-06 01:26:44,055 -  nornir.core -     INFO -        run() - Running task 'push_csr_config' with args {} on 2 hosts
2025-11-06 01:26:44,062 - nornir.core.task -    ERROR -      start() - Host 'CSR2': task 'push_csr_config' failed with traceback:
Traceback (most recent call last):
  File "/home/tingle/myProject/qyt-aiops-session-17/.venv/lib/python3.11/site-packages/nornir/core/task.py", line 98, in start
    r = self.task(self, **self.params)
        ^^^^^^^^^^^^^^^^^^^^^^^^^^^^^^
  File "/home/tingle/myProject/qyt-aiops-session-17/homework/opensourcesoftware/Day_2/nornir/demo.py", line 41, in push_csr_config
    template = env.get_template("csr1000v_config.j2")
               ^^^^^^^^^^^^^^^^^^^^^^^^^^^^^^^^^^^^^^
  File "/home/tingle/myProject/qyt-aiops-session-17/.venv/lib/python3.11/site-packages/jinja2/environment.py", line 1016, in get_template
    return self._load_template(name, globals)
           ^^^^^^^^^^^^^^^^^^^^^^^^^^^^^^^^^^
  File "/home/tingle/myProject/qyt-aiops-session-17/.venv/lib/python3.11/site-packages/jinja2/environment.py", line 975, in _load_template
    template = self.loader.load(self, name, self.make_globals(globals))
               ^^^^^^^^^^^^^^^^^^^^^^^^^^^^^^^^^^^^^^^^^^^^^^^^^^^^^^^^
  File "/home/tingle/myProject/qyt-aiops-session-17/.venv/lib/python3.11/site-packages/jinja2/loaders.py", line 138, in load
    code = environment.compile(source, name, filename)
           ^^^^^^^^^^^^^^^^^^^^^^^^^^^^^^^^^^^^^^^^^^^
  File "/home/tingle/myProject/qyt-aiops-session-17/.venv/lib/python3.11/site-packages/jinja2/environment.py", line 771, in compile
    self.handle_exception(source=source_hint)
  File "/home/tingle/myProject/qyt-aiops-session-17/.venv/lib/python3.11/site-packages/jinja2/environment.py", line 942, in handle_exception
    raise rewrite_traceback_stack(source=source)
  File "/home/tingle/myProject/qyt-aiops-session-17/homework/opensourcesoftware/Day_2/nornir/templates/csr1000v_config.j2", line 5, in template
    username {{ username }} password {{ password }}
    ^^^^^^^^^^^^^^^^^^^^^^^^^
jinja2.exceptions.TemplateSyntaxError: Unexpected end of template. Jinja was looking for the following tags: 'endfor' or 'else'. The innermost block that needs to be closed is 'for'.

2025-11-06 01:26:44,063 - nornir.core.task -    ERROR -      start() - Host 'CSR1': task 'push_csr_config' failed with traceback:
Traceback (most recent call last):
  File "/home/tingle/myProject/qyt-aiops-session-17/.venv/lib/python3.11/site-packages/nornir/core/task.py", line 98, in start
    r = self.task(self, **self.params)
        ^^^^^^^^^^^^^^^^^^^^^^^^^^^^^^
  File "/home/tingle/myProject/qyt-aiops-session-17/homework/opensourcesoftware/Day_2/nornir/demo.py", line 41, in push_csr_config
    template = env.get_template("csr1000v_config.j2")
               ^^^^^^^^^^^^^^^^^^^^^^^^^^^^^^^^^^^^^^
  File "/home/tingle/myProject/qyt-aiops-session-17/.venv/lib/python3.11/site-packages/jinja2/environment.py", line 1016, in get_template
    return self._load_template(name, globals)
           ^^^^^^^^^^^^^^^^^^^^^^^^^^^^^^^^^^
  File "/home/tingle/myProject/qyt-aiops-session-17/.venv/lib/python3.11/site-packages/jinja2/environment.py", line 975, in _load_template
    template = self.loader.load(self, name, self.make_globals(globals))
               ^^^^^^^^^^^^^^^^^^^^^^^^^^^^^^^^^^^^^^^^^^^^^^^^^^^^^^^^
  File "/home/tingle/myProject/qyt-aiops-session-17/.venv/lib/python3.11/site-packages/jinja2/loaders.py", line 138, in load
    code = environment.compile(source, name, filename)
           ^^^^^^^^^^^^^^^^^^^^^^^^^^^^^^^^^^^^^^^^^^^
  File "/home/tingle/myProject/qyt-aiops-session-17/.venv/lib/python3.11/site-packages/jinja2/environment.py", line 771, in compile
    self.handle_exception(source=source_hint)
  File "/home/tingle/myProject/qyt-aiops-session-17/.venv/lib/python3.11/site-packages/jinja2/environment.py", line 942, in handle_exception
    raise rewrite_traceback_stack(source=source)
  File "/home/tingle/myProject/qyt-aiops-session-17/homework/opensourcesoftware/Day_2/nornir/templates/csr1000v_config.j2", line 5, in template
    username {{ username }} password {{ password }}
    ^^^^^^^^^^^^^^^^^^^^^^^^^
jinja2.exceptions.TemplateSyntaxError: Unexpected end of template. Jinja was looking for the following tags: 'endfor' or 'else'. The innermost block that needs to be closed is 'for'.

2025-11-06 01:48:34,058 -  nornir.core -     INFO -        run() - Running task 'push_csr_config' with args {} on 2 hosts
2025-11-06 01:49:22,327 -  nornir.core -     INFO -        run() - Running task 'push_csr_config' with args {} on 2 hosts
2025-11-06 01:49:22,356 - nornir.core.task -    ERROR -      start() - Host 'CSR1': task 'push_csr_config' failed with traceback:
Traceback (most recent call last):
  File "/home/tingle/myProject/qyt-aiops-session-17/.venv/lib/python3.11/site-packages/nornir/core/task.py", line 98, in start
    r = self.task(self, **self.params)
        ^^^^^^^^^^^^^^^^^^^^^^^^^^^^^^
  File "/home/tingle/myProject/qyt-aiops-session-17/homework/opensourcesoftware/Day_2/nornir/config_device.py", line 44, in push_csr_config
    rendered_config = template.render(
                      ^^^^^^^^^^^^^^^^
  File "/home/tingle/myProject/qyt-aiops-session-17/.venv/lib/python3.11/site-packages/jinja2/environment.py", line 1295, in render
    self.environment.handle_exception()
  File "/home/tingle/myProject/qyt-aiops-session-17/.venv/lib/python3.11/site-packages/jinja2/environment.py", line 942, in handle_exception
    raise rewrite_traceback_stack(source=source)
  File "/home/tingle/myProject/qyt-aiops-session-17/homework/opensourcesoftware/Day_2/nornir/templates/csr1000v_config.j2", line 5, in top-level template code
    {% if accounts.get('privilege') %}
    ^^^^^^^^^^^^^^^^^^^^^^^^^
  File "/home/tingle/myProject/qyt-aiops-session-17/.venv/lib/python3.11/site-packages/jinja2/utils.py", line 92, in from_obj
    if hasattr(obj, "jinja_pass_arg"):
       ^^^^^^^^^^^^^^^^^^^^^^^^^^^^^^
jinja2.exceptions.UndefinedError: 'list object' has no attribute 'get'

2025-11-06 01:49:22,357 - nornir.core.task -    ERROR -      start() - Host 'CSR2': task 'push_csr_config' failed with traceback:
Traceback (most recent call last):
  File "/home/tingle/myProject/qyt-aiops-session-17/.venv/lib/python3.11/site-packages/nornir/core/task.py", line 98, in start
    r = self.task(self, **self.params)
        ^^^^^^^^^^^^^^^^^^^^^^^^^^^^^^
  File "/home/tingle/myProject/qyt-aiops-session-17/homework/opensourcesoftware/Day_2/nornir/config_device.py", line 44, in push_csr_config
    rendered_config = template.render(
                      ^^^^^^^^^^^^^^^^
  File "/home/tingle/myProject/qyt-aiops-session-17/.venv/lib/python3.11/site-packages/jinja2/environment.py", line 1295, in render
    self.environment.handle_exception()
  File "/home/tingle/myProject/qyt-aiops-session-17/.venv/lib/python3.11/site-packages/jinja2/environment.py", line 942, in handle_exception
    raise rewrite_traceback_stack(source=source)
  File "/home/tingle/myProject/qyt-aiops-session-17/homework/opensourcesoftware/Day_2/nornir/templates/csr1000v_config.j2", line 5, in top-level template code
    {% if accounts.get('privilege') %}
    ^^^^^^^^^^^^^^^^^^^^^^^^^
  File "/home/tingle/myProject/qyt-aiops-session-17/.venv/lib/python3.11/site-packages/jinja2/utils.py", line 92, in from_obj
    if hasattr(obj, "jinja_pass_arg"):
       ^^^^^^^^^^^^^^^^^^^^^^^^^^^^^^
jinja2.exceptions.UndefinedError: 'list object' has no attribute 'get'

2025-11-06 01:51:48,978 -  nornir.core -     INFO -        run() - Running task 'hello_world' with args {} on 2 hosts
2025-11-06 01:53:16,354 -  nornir.core -     INFO -        run() - Running task 'hello_world' with args {} on 2 hosts
2025-11-06 01:58:03,618 -  nornir.core -     INFO -        run() - Running task 'hello_world' with args {} on 2 hosts
2025-11-06 02:07:38,360 -  nornir.core -     INFO -        run() - Running task 'hello_world' with args {} on 2 hosts
2025-11-06 02:08:00,833 -  nornir.core -     INFO -        run() - Running task 'push_csr_config' with args {} on 2 hosts
2025-11-06 02:08:00,852 - nornir.core.task -    ERROR -      start() - Host 'CSR1': task 'push_csr_config' failed with traceback:
Traceback (most recent call last):
  File "/home/tingle/myProject/qyt-aiops-session-17/.venv/lib/python3.11/site-packages/nornir/core/task.py", line 98, in start
    r = self.task(self, **self.params)
        ^^^^^^^^^^^^^^^^^^^^^^^^^^^^^^
  File "/home/tingle/myProject/qyt-aiops-session-17/homework/opensourcesoftware/Day_2/nornir/config_device.py", line 46, in push_csr_config
    name_servers = task.host.get['ip_name_servers',None],
                   ~~~~~~~~~~~~~^^^^^^^^^^^^^^^^^^^^^^^^
TypeError: 'method' object is not subscriptable

2025-11-06 02:08:00,853 - nornir.core.task -    ERROR -      start() - Host 'CSR2': task 'push_csr_config' failed with traceback:
Traceback (most recent call last):
  File "/home/tingle/myProject/qyt-aiops-session-17/.venv/lib/python3.11/site-packages/nornir/core/task.py", line 98, in start
    r = self.task(self, **self.params)
        ^^^^^^^^^^^^^^^^^^^^^^^^^^^^^^
  File "/home/tingle/myProject/qyt-aiops-session-17/homework/opensourcesoftware/Day_2/nornir/config_device.py", line 46, in push_csr_config
    name_servers = task.host.get['ip_name_servers',None],
                   ~~~~~~~~~~~~~^^^^^^^^^^^^^^^^^^^^^^^^
TypeError: 'method' object is not subscriptable

2025-11-06 02:09:56,667 -  nornir.core -     INFO -        run() - Running task 'push_csr_config' with args {} on 2 hosts
2025-11-06 02:09:56,689 - nornir.core.task -    ERROR -      start() - Host 'CSR1': task 'push_csr_config' failed with traceback:
Traceback (most recent call last):
  File "/home/tingle/myProject/qyt-aiops-session-17/.venv/lib/python3.11/site-packages/nornir/core/task.py", line 98, in start
    r = self.task(self, **self.params)
        ^^^^^^^^^^^^^^^^^^^^^^^^^^^^^^
  File "/home/tingle/myProject/qyt-aiops-session-17/homework/opensourcesoftware/Day_2/nornir/config_device.py", line 44, in push_csr_config
    rendered_config = template.render(
                      ^^^^^^^^^^^^^^^^
  File "/home/tingle/myProject/qyt-aiops-session-17/.venv/lib/python3.11/site-packages/jinja2/environment.py", line 1295, in render
    self.environment.handle_exception()
  File "/home/tingle/myProject/qyt-aiops-session-17/.venv/lib/python3.11/site-packages/jinja2/environment.py", line 942, in handle_exception
    raise rewrite_traceback_stack(source=source)
  File "/home/tingle/myProject/qyt-aiops-session-17/homework/opensourcesoftware/Day_2/nornir/templates/csr1000v_config.j2", line 10, in top-level template code
    {% if accounts.get('privilege') %}
    ^^^^^^^^^^^^^^^^^^^^^^^^^
  File "/home/tingle/myProject/qyt-aiops-session-17/.venv/lib/python3.11/site-packages/jinja2/utils.py", line 92, in from_obj
    if hasattr(obj, "jinja_pass_arg"):
       ^^^^^^^^^^^^^^^^^^^^^^^^^^^^^^
jinja2.exceptions.UndefinedError: 'list object' has no attribute 'get'

2025-11-06 02:09:56,690 - nornir.core.task -    ERROR -      start() - Host 'CSR2': task 'push_csr_config' failed with traceback:
Traceback (most recent call last):
  File "/home/tingle/myProject/qyt-aiops-session-17/.venv/lib/python3.11/site-packages/nornir/core/task.py", line 98, in start
    r = self.task(self, **self.params)
        ^^^^^^^^^^^^^^^^^^^^^^^^^^^^^^
  File "/home/tingle/myProject/qyt-aiops-session-17/homework/opensourcesoftware/Day_2/nornir/config_device.py", line 44, in push_csr_config
    rendered_config = template.render(
                      ^^^^^^^^^^^^^^^^
  File "/home/tingle/myProject/qyt-aiops-session-17/.venv/lib/python3.11/site-packages/jinja2/environment.py", line 1295, in render
    self.environment.handle_exception()
  File "/home/tingle/myProject/qyt-aiops-session-17/.venv/lib/python3.11/site-packages/jinja2/environment.py", line 942, in handle_exception
    raise rewrite_traceback_stack(source=source)
  File "/home/tingle/myProject/qyt-aiops-session-17/homework/opensourcesoftware/Day_2/nornir/templates/csr1000v_config.j2", line 10, in top-level template code
    {% if accounts.get('privilege') %}
    ^^^^^^^^^^^^^^^^^^^^^^^^^
  File "/home/tingle/myProject/qyt-aiops-session-17/.venv/lib/python3.11/site-packages/jinja2/utils.py", line 92, in from_obj
    if hasattr(obj, "jinja_pass_arg"):
       ^^^^^^^^^^^^^^^^^^^^^^^^^^^^^^
jinja2.exceptions.UndefinedError: 'list object' has no attribute 'get'

2025-11-06 02:11:42,358 -  nornir.core -     INFO -        run() - Running task 'push_csr_config' with args {} on 2 hosts
2025-11-06 02:12:29,191 -  nornir.core -     INFO -        run() - Running task 'push_csr_config' with args {} on 2 hosts
2025-11-06 02:13:35,475 -  nornir.core -     INFO -        run() - Running task 'push_csr_config' with args {} on 2 hosts
2025-11-06 02:15:16,774 -  nornir.core -     INFO -        run() - Running task 'push_csr_config' with args {} on 2 hosts
2025-11-06 02:27:13,700 -  nornir.core -     INFO -        run() - Running task 'push_csr_config' with args {} on 2 hosts
2025-11-06 02:27:33,420 - nornir.core.task -    ERROR -      start() - Host 'CSR1': task 'netmiko_send_config' failed with traceback:
Traceback (most recent call last):
  File "/home/tingle/myProject/qyt-aiops-session-17/.venv/lib/python3.11/site-packages/nornir/core/task.py", line 98, in start
    r = self.task(self, **self.params)
        ^^^^^^^^^^^^^^^^^^^^^^^^^^^^^^
  File "/home/tingle/myProject/qyt-aiops-session-17/.venv/lib/python3.11/site-packages/nornir_netmiko/tasks/netmiko_send_config.py", line 38, in netmiko_send_config
    result = net_connect.send_config_set(config_commands=config_commands, **kwargs)
             ^^^^^^^^^^^^^^^^^^^^^^^^^^^^^^^^^^^^^^^^^^^^^^^^^^^^^^^^^^^^^^^^^^^^^^
  File "/home/tingle/myProject/qyt-aiops-session-17/.venv/lib/python3.11/site-packages/netmiko/base_connection.py", line 111, in wrapper_decorator
    return_val = func(self, *args, **kwargs)
                 ^^^^^^^^^^^^^^^^^^^^^^^^^^^
  File "/home/tingle/myProject/qyt-aiops-session-17/.venv/lib/python3.11/site-packages/netmiko/base_connection.py", line 2335, in send_config_set
    output += self.read_until_pattern(
              ^^^^^^^^^^^^^^^^^^^^^^^^
  File "/home/tingle/myProject/qyt-aiops-session-17/.venv/lib/python3.11/site-packages/netmiko/base_connection.py", line 755, in read_until_pattern
    raise ReadTimeout(msg)
netmiko.exceptions.ReadTimeout: 

Pattern not detected: 'no\\ shutdown' in output.

Things you might try to fix this:
1. Adjust the regex pattern to better identify the terminating string. Note, in
many situations the pattern is automatically based on the network device's prompt.
2. Increase the read_timeout to a larger value.

You can also look at the Netmiko session_log or debug log for more information.



2025-11-06 02:27:33,421 - nornir.core.task -    ERROR -      start() - Host 'CSR1': task 'push_csr_config' failed with traceback:
Traceback (most recent call last):
  File "/home/tingle/myProject/qyt-aiops-session-17/.venv/lib/python3.11/site-packages/nornir/core/task.py", line 98, in start
    r = self.task(self, **self.params)
        ^^^^^^^^^^^^^^^^^^^^^^^^^^^^^^
  File "/home/tingle/myProject/qyt-aiops-session-17/homework/opensourcesoftware/Day_2/nornir/config_device.py", line 57, in push_csr_config
    result = task.run(
             ^^^^^^^^^
  File "/home/tingle/myProject/qyt-aiops-session-17/.venv/lib/python3.11/site-packages/nornir/core/task.py", line 173, in run
    raise NornirSubTaskError(task=run_task, result=r)
nornir.core.exceptions.NornirSubTaskError: Subtask: netmiko_send_config (failed)


2025-11-06 02:27:33,582 - nornir.core.task -    ERROR -      start() - Host 'CSR2': task 'netmiko_send_config' failed with traceback:
Traceback (most recent call last):
  File "/home/tingle/myProject/qyt-aiops-session-17/.venv/lib/python3.11/site-packages/nornir/core/task.py", line 98, in start
    r = self.task(self, **self.params)
        ^^^^^^^^^^^^^^^^^^^^^^^^^^^^^^
  File "/home/tingle/myProject/qyt-aiops-session-17/.venv/lib/python3.11/site-packages/nornir_netmiko/tasks/netmiko_send_config.py", line 38, in netmiko_send_config
    result = net_connect.send_config_set(config_commands=config_commands, **kwargs)
             ^^^^^^^^^^^^^^^^^^^^^^^^^^^^^^^^^^^^^^^^^^^^^^^^^^^^^^^^^^^^^^^^^^^^^^
  File "/home/tingle/myProject/qyt-aiops-session-17/.venv/lib/python3.11/site-packages/netmiko/base_connection.py", line 111, in wrapper_decorator
    return_val = func(self, *args, **kwargs)
                 ^^^^^^^^^^^^^^^^^^^^^^^^^^^
  File "/home/tingle/myProject/qyt-aiops-session-17/.venv/lib/python3.11/site-packages/netmiko/base_connection.py", line 2335, in send_config_set
    output += self.read_until_pattern(
              ^^^^^^^^^^^^^^^^^^^^^^^^
  File "/home/tingle/myProject/qyt-aiops-session-17/.venv/lib/python3.11/site-packages/netmiko/base_connection.py", line 755, in read_until_pattern
    raise ReadTimeout(msg)
netmiko.exceptions.ReadTimeout: 

Pattern not detected: 'no\\ shutdown' in output.

Things you might try to fix this:
1. Adjust the regex pattern to better identify the terminating string. Note, in
many situations the pattern is automatically based on the network device's prompt.
2. Increase the read_timeout to a larger value.

You can also look at the Netmiko session_log or debug log for more information.



2025-11-06 02:27:33,583 - nornir.core.task -    ERROR -      start() - Host 'CSR2': task 'push_csr_config' failed with traceback:
Traceback (most recent call last):
  File "/home/tingle/myProject/qyt-aiops-session-17/.venv/lib/python3.11/site-packages/nornir/core/task.py", line 98, in start
    r = self.task(self, **self.params)
        ^^^^^^^^^^^^^^^^^^^^^^^^^^^^^^
  File "/home/tingle/myProject/qyt-aiops-session-17/homework/opensourcesoftware/Day_2/nornir/config_device.py", line 57, in push_csr_config
    result = task.run(
             ^^^^^^^^^
  File "/home/tingle/myProject/qyt-aiops-session-17/.venv/lib/python3.11/site-packages/nornir/core/task.py", line 173, in run
    raise NornirSubTaskError(task=run_task, result=r)
nornir.core.exceptions.NornirSubTaskError: Subtask: netmiko_send_config (failed)


2025-11-06 02:32:01,353 -  nornir.core -     INFO -        run() - Running task 'push_csr_config' with args {} on 2 hosts
2025-11-06 02:32:04,452 - nornir.core.task -    ERROR -      start() - Host 'CSR2': task 'netmiko_send_config' failed with traceback:
Traceback (most recent call last):
  File "/home/tingle/myProject/qyt-aiops-session-17/.venv/lib/python3.11/site-packages/netmiko/base_connection.py", line 1146, in establish_connection
    self.remote_conn_pre.connect(**ssh_connect_params)
  File "/home/tingle/myProject/qyt-aiops-session-17/.venv/lib/python3.11/site-packages/paramiko/client.py", line 407, in connect
    raise NoValidConnectionsError(errors)
paramiko.ssh_exception.NoValidConnectionsError: [Errno None] Unable to connect to port 22 on 172.17.9.216

During handling of the above exception, another exception occurred:

Traceback (most recent call last):
  File "/home/tingle/myProject/qyt-aiops-session-17/.venv/lib/python3.11/site-packages/nornir/core/task.py", line 98, in start
    r = self.task(self, **self.params)
        ^^^^^^^^^^^^^^^^^^^^^^^^^^^^^^
  File "/home/tingle/myProject/qyt-aiops-session-17/.venv/lib/python3.11/site-packages/nornir_netmiko/tasks/netmiko_send_config.py", line 28, in netmiko_send_config
    net_connect = task.host.get_connection(CONNECTION_NAME, task.nornir.config)
                  ^^^^^^^^^^^^^^^^^^^^^^^^^^^^^^^^^^^^^^^^^^^^^^^^^^^^^^^^^^^^^
  File "/home/tingle/myProject/qyt-aiops-session-17/.venv/lib/python3.11/site-packages/nornir/core/inventory.py", line 476, in get_connection
    self.open_connection(
  File "/home/tingle/myProject/qyt-aiops-session-17/.venv/lib/python3.11/site-packages/nornir/core/inventory.py", line 528, in open_connection
    conn_obj.open(
  File "/home/tingle/myProject/qyt-aiops-session-17/.venv/lib/python3.11/site-packages/nornir_netmiko/connections/netmiko.py", line 59, in open
    connection = ConnectHandler(**parameters)
                 ^^^^^^^^^^^^^^^^^^^^^^^^^^^^
  File "/home/tingle/myProject/qyt-aiops-session-17/.venv/lib/python3.11/site-packages/netmiko/ssh_dispatcher.py", line 460, in ConnectHandler
    return ConnectionClass(*args, **kwargs)
           ^^^^^^^^^^^^^^^^^^^^^^^^^^^^^^^^
  File "/home/tingle/myProject/qyt-aiops-session-17/.venv/lib/python3.11/site-packages/netmiko/base_connection.py", line 495, in __init__
    self._open()
  File "/home/tingle/myProject/qyt-aiops-session-17/.venv/lib/python3.11/site-packages/netmiko/base_connection.py", line 500, in _open
    self.establish_connection()
  File "/home/tingle/myProject/qyt-aiops-session-17/.venv/lib/python3.11/site-packages/netmiko/base_connection.py", line 1168, in establish_connection
    raise NetmikoTimeoutException(msg)
netmiko.exceptions.NetmikoTimeoutException: TCP connection to device failed.

Common causes of this problem are:
1. Incorrect hostname or IP address.
2. Wrong TCP port.
3. Intermediate firewall blocking access.

Device settings: cisco_ios 172.17.9.216:22



2025-11-06 02:32:04,452 - nornir.core.task -    ERROR -      start() - Host 'CSR1': task 'netmiko_send_config' failed with traceback:
Traceback (most recent call last):
  File "/home/tingle/myProject/qyt-aiops-session-17/.venv/lib/python3.11/site-packages/netmiko/base_connection.py", line 1146, in establish_connection
    self.remote_conn_pre.connect(**ssh_connect_params)
  File "/home/tingle/myProject/qyt-aiops-session-17/.venv/lib/python3.11/site-packages/paramiko/client.py", line 407, in connect
    raise NoValidConnectionsError(errors)
paramiko.ssh_exception.NoValidConnectionsError: [Errno None] Unable to connect to port 22 on 172.17.9.215

During handling of the above exception, another exception occurred:

Traceback (most recent call last):
  File "/home/tingle/myProject/qyt-aiops-session-17/.venv/lib/python3.11/site-packages/nornir/core/task.py", line 98, in start
    r = self.task(self, **self.params)
        ^^^^^^^^^^^^^^^^^^^^^^^^^^^^^^
  File "/home/tingle/myProject/qyt-aiops-session-17/.venv/lib/python3.11/site-packages/nornir_netmiko/tasks/netmiko_send_config.py", line 28, in netmiko_send_config
    net_connect = task.host.get_connection(CONNECTION_NAME, task.nornir.config)
                  ^^^^^^^^^^^^^^^^^^^^^^^^^^^^^^^^^^^^^^^^^^^^^^^^^^^^^^^^^^^^^
  File "/home/tingle/myProject/qyt-aiops-session-17/.venv/lib/python3.11/site-packages/nornir/core/inventory.py", line 476, in get_connection
    self.open_connection(
  File "/home/tingle/myProject/qyt-aiops-session-17/.venv/lib/python3.11/site-packages/nornir/core/inventory.py", line 528, in open_connection
    conn_obj.open(
  File "/home/tingle/myProject/qyt-aiops-session-17/.venv/lib/python3.11/site-packages/nornir_netmiko/connections/netmiko.py", line 59, in open
    connection = ConnectHandler(**parameters)
                 ^^^^^^^^^^^^^^^^^^^^^^^^^^^^
  File "/home/tingle/myProject/qyt-aiops-session-17/.venv/lib/python3.11/site-packages/netmiko/ssh_dispatcher.py", line 460, in ConnectHandler
    return ConnectionClass(*args, **kwargs)
           ^^^^^^^^^^^^^^^^^^^^^^^^^^^^^^^^
  File "/home/tingle/myProject/qyt-aiops-session-17/.venv/lib/python3.11/site-packages/netmiko/base_connection.py", line 495, in __init__
    self._open()
  File "/home/tingle/myProject/qyt-aiops-session-17/.venv/lib/python3.11/site-packages/netmiko/base_connection.py", line 500, in _open
    self.establish_connection()
  File "/home/tingle/myProject/qyt-aiops-session-17/.venv/lib/python3.11/site-packages/netmiko/base_connection.py", line 1168, in establish_connection
    raise NetmikoTimeoutException(msg)
netmiko.exceptions.NetmikoTimeoutException: TCP connection to device failed.

Common causes of this problem are:
1. Incorrect hostname or IP address.
2. Wrong TCP port.
3. Intermediate firewall blocking access.

Device settings: cisco_ios 172.17.9.215:22



2025-11-06 02:32:04,453 - nornir.core.task -    ERROR -      start() - Host 'CSR2': task 'push_csr_config' failed with traceback:
Traceback (most recent call last):
  File "/home/tingle/myProject/qyt-aiops-session-17/.venv/lib/python3.11/site-packages/nornir/core/task.py", line 98, in start
    r = self.task(self, **self.params)
        ^^^^^^^^^^^^^^^^^^^^^^^^^^^^^^
  File "/home/tingle/myProject/qyt-aiops-session-17/homework/opensourcesoftware/Day_2/nornir/config_device.py", line 59, in push_csr_config
    result = task.run(
             ^^^^^^^^^
  File "/home/tingle/myProject/qyt-aiops-session-17/.venv/lib/python3.11/site-packages/nornir/core/task.py", line 173, in run
    raise NornirSubTaskError(task=run_task, result=r)
nornir.core.exceptions.NornirSubTaskError: Subtask: netmiko_send_config (failed)


2025-11-06 02:32:04,453 - nornir.core.task -    ERROR -      start() - Host 'CSR1': task 'push_csr_config' failed with traceback:
Traceback (most recent call last):
  File "/home/tingle/myProject/qyt-aiops-session-17/.venv/lib/python3.11/site-packages/nornir/core/task.py", line 98, in start
    r = self.task(self, **self.params)
        ^^^^^^^^^^^^^^^^^^^^^^^^^^^^^^
  File "/home/tingle/myProject/qyt-aiops-session-17/homework/opensourcesoftware/Day_2/nornir/config_device.py", line 59, in push_csr_config
    result = task.run(
             ^^^^^^^^^
  File "/home/tingle/myProject/qyt-aiops-session-17/.venv/lib/python3.11/site-packages/nornir/core/task.py", line 173, in run
    raise NornirSubTaskError(task=run_task, result=r)
nornir.core.exceptions.NornirSubTaskError: Subtask: netmiko_send_config (failed)


2025-11-06 02:38:31,166 -  nornir.core -     INFO -        run() - Running task 'push_csr_config' with args {} on 2 hosts
2025-11-06 02:38:34,275 - nornir.core.task -    ERROR -      start() - Host 'CSR1': task 'netmiko_send_config' failed with traceback:
Traceback (most recent call last):
  File "/home/tingle/myProject/qyt-aiops-session-17/.venv/lib/python3.11/site-packages/netmiko/base_connection.py", line 1146, in establish_connection
    self.remote_conn_pre.connect(**ssh_connect_params)
  File "/home/tingle/myProject/qyt-aiops-session-17/.venv/lib/python3.11/site-packages/paramiko/client.py", line 407, in connect
    raise NoValidConnectionsError(errors)
paramiko.ssh_exception.NoValidConnectionsError: [Errno None] Unable to connect to port 22 on 172.17.9.215

During handling of the above exception, another exception occurred:

Traceback (most recent call last):
  File "/home/tingle/myProject/qyt-aiops-session-17/.venv/lib/python3.11/site-packages/nornir/core/task.py", line 98, in start
    r = self.task(self, **self.params)
        ^^^^^^^^^^^^^^^^^^^^^^^^^^^^^^
  File "/home/tingle/myProject/qyt-aiops-session-17/.venv/lib/python3.11/site-packages/nornir_netmiko/tasks/netmiko_send_config.py", line 28, in netmiko_send_config
    net_connect = task.host.get_connection(CONNECTION_NAME, task.nornir.config)
                  ^^^^^^^^^^^^^^^^^^^^^^^^^^^^^^^^^^^^^^^^^^^^^^^^^^^^^^^^^^^^^
  File "/home/tingle/myProject/qyt-aiops-session-17/.venv/lib/python3.11/site-packages/nornir/core/inventory.py", line 476, in get_connection
    self.open_connection(
  File "/home/tingle/myProject/qyt-aiops-session-17/.venv/lib/python3.11/site-packages/nornir/core/inventory.py", line 528, in open_connection
    conn_obj.open(
  File "/home/tingle/myProject/qyt-aiops-session-17/.venv/lib/python3.11/site-packages/nornir_netmiko/connections/netmiko.py", line 59, in open
    connection = ConnectHandler(**parameters)
                 ^^^^^^^^^^^^^^^^^^^^^^^^^^^^
  File "/home/tingle/myProject/qyt-aiops-session-17/.venv/lib/python3.11/site-packages/netmiko/ssh_dispatcher.py", line 460, in ConnectHandler
    return ConnectionClass(*args, **kwargs)
           ^^^^^^^^^^^^^^^^^^^^^^^^^^^^^^^^
  File "/home/tingle/myProject/qyt-aiops-session-17/.venv/lib/python3.11/site-packages/netmiko/base_connection.py", line 495, in __init__
    self._open()
  File "/home/tingle/myProject/qyt-aiops-session-17/.venv/lib/python3.11/site-packages/netmiko/base_connection.py", line 500, in _open
    self.establish_connection()
  File "/home/tingle/myProject/qyt-aiops-session-17/.venv/lib/python3.11/site-packages/netmiko/base_connection.py", line 1168, in establish_connection
    raise NetmikoTimeoutException(msg)
netmiko.exceptions.NetmikoTimeoutException: TCP connection to device failed.

Common causes of this problem are:
1. Incorrect hostname or IP address.
2. Wrong TCP port.
3. Intermediate firewall blocking access.

Device settings: cisco_ios 172.17.9.215:22



2025-11-06 02:38:34,276 - nornir.core.task -    ERROR -      start() - Host 'CSR2': task 'netmiko_send_config' failed with traceback:
Traceback (most recent call last):
  File "/home/tingle/myProject/qyt-aiops-session-17/.venv/lib/python3.11/site-packages/netmiko/base_connection.py", line 1146, in establish_connection
    self.remote_conn_pre.connect(**ssh_connect_params)
  File "/home/tingle/myProject/qyt-aiops-session-17/.venv/lib/python3.11/site-packages/paramiko/client.py", line 407, in connect
    raise NoValidConnectionsError(errors)
paramiko.ssh_exception.NoValidConnectionsError: [Errno None] Unable to connect to port 22 on 172.17.9.216

During handling of the above exception, another exception occurred:

Traceback (most recent call last):
  File "/home/tingle/myProject/qyt-aiops-session-17/.venv/lib/python3.11/site-packages/nornir/core/task.py", line 98, in start
    r = self.task(self, **self.params)
        ^^^^^^^^^^^^^^^^^^^^^^^^^^^^^^
  File "/home/tingle/myProject/qyt-aiops-session-17/.venv/lib/python3.11/site-packages/nornir_netmiko/tasks/netmiko_send_config.py", line 28, in netmiko_send_config
    net_connect = task.host.get_connection(CONNECTION_NAME, task.nornir.config)
                  ^^^^^^^^^^^^^^^^^^^^^^^^^^^^^^^^^^^^^^^^^^^^^^^^^^^^^^^^^^^^^
  File "/home/tingle/myProject/qyt-aiops-session-17/.venv/lib/python3.11/site-packages/nornir/core/inventory.py", line 476, in get_connection
    self.open_connection(
  File "/home/tingle/myProject/qyt-aiops-session-17/.venv/lib/python3.11/site-packages/nornir/core/inventory.py", line 528, in open_connection
    conn_obj.open(
  File "/home/tingle/myProject/qyt-aiops-session-17/.venv/lib/python3.11/site-packages/nornir_netmiko/connections/netmiko.py", line 59, in open
    connection = ConnectHandler(**parameters)
                 ^^^^^^^^^^^^^^^^^^^^^^^^^^^^
  File "/home/tingle/myProject/qyt-aiops-session-17/.venv/lib/python3.11/site-packages/netmiko/ssh_dispatcher.py", line 460, in ConnectHandler
    return ConnectionClass(*args, **kwargs)
           ^^^^^^^^^^^^^^^^^^^^^^^^^^^^^^^^
  File "/home/tingle/myProject/qyt-aiops-session-17/.venv/lib/python3.11/site-packages/netmiko/base_connection.py", line 495, in __init__
    self._open()
  File "/home/tingle/myProject/qyt-aiops-session-17/.venv/lib/python3.11/site-packages/netmiko/base_connection.py", line 500, in _open
    self.establish_connection()
  File "/home/tingle/myProject/qyt-aiops-session-17/.venv/lib/python3.11/site-packages/netmiko/base_connection.py", line 1168, in establish_connection
    raise NetmikoTimeoutException(msg)
netmiko.exceptions.NetmikoTimeoutException: TCP connection to device failed.

Common causes of this problem are:
1. Incorrect hostname or IP address.
2. Wrong TCP port.
3. Intermediate firewall blocking access.

Device settings: cisco_ios 172.17.9.216:22



2025-11-06 02:38:34,277 - nornir.core.task -    ERROR -      start() - Host 'CSR1': task 'push_csr_config' failed with traceback:
Traceback (most recent call last):
  File "/home/tingle/myProject/qyt-aiops-session-17/.venv/lib/python3.11/site-packages/nornir/core/task.py", line 98, in start
    r = self.task(self, **self.params)
        ^^^^^^^^^^^^^^^^^^^^^^^^^^^^^^
  File "/home/tingle/myProject/qyt-aiops-session-17/homework/opensourcesoftware/Day_2/nornir/config_device.py", line 65, in push_csr_config
    result = task.run(
             ^^^^^^^^^
  File "/home/tingle/myProject/qyt-aiops-session-17/.venv/lib/python3.11/site-packages/nornir/core/task.py", line 173, in run
    raise NornirSubTaskError(task=run_task, result=r)
nornir.core.exceptions.NornirSubTaskError: Subtask: netmiko_send_config (failed)


2025-11-06 02:38:34,277 - nornir.core.task -    ERROR -      start() - Host 'CSR2': task 'push_csr_config' failed with traceback:
Traceback (most recent call last):
  File "/home/tingle/myProject/qyt-aiops-session-17/.venv/lib/python3.11/site-packages/nornir/core/task.py", line 98, in start
    r = self.task(self, **self.params)
        ^^^^^^^^^^^^^^^^^^^^^^^^^^^^^^
  File "/home/tingle/myProject/qyt-aiops-session-17/homework/opensourcesoftware/Day_2/nornir/config_device.py", line 65, in push_csr_config
    result = task.run(
             ^^^^^^^^^
  File "/home/tingle/myProject/qyt-aiops-session-17/.venv/lib/python3.11/site-packages/nornir/core/task.py", line 173, in run
    raise NornirSubTaskError(task=run_task, result=r)
nornir.core.exceptions.NornirSubTaskError: Subtask: netmiko_send_config (failed)


2025-11-06 02:40:24,334 -  nornir.core -     INFO -        run() - Running task 'push_csr_config' with args {} on 2 hosts
2025-11-06 02:40:27,427 - nornir.core.task -    ERROR -      start() - Host 'CSR1': task 'netmiko_send_config' failed with traceback:
Traceback (most recent call last):
  File "/home/tingle/myProject/qyt-aiops-session-17/.venv/lib/python3.11/site-packages/netmiko/base_connection.py", line 1146, in establish_connection
    self.remote_conn_pre.connect(**ssh_connect_params)
  File "/home/tingle/myProject/qyt-aiops-session-17/.venv/lib/python3.11/site-packages/paramiko/client.py", line 407, in connect
    raise NoValidConnectionsError(errors)
paramiko.ssh_exception.NoValidConnectionsError: [Errno None] Unable to connect to port 22 on 172.17.9.215

During handling of the above exception, another exception occurred:

Traceback (most recent call last):
  File "/home/tingle/myProject/qyt-aiops-session-17/.venv/lib/python3.11/site-packages/nornir/core/task.py", line 98, in start
    r = self.task(self, **self.params)
        ^^^^^^^^^^^^^^^^^^^^^^^^^^^^^^
  File "/home/tingle/myProject/qyt-aiops-session-17/.venv/lib/python3.11/site-packages/nornir_netmiko/tasks/netmiko_send_config.py", line 28, in netmiko_send_config
    net_connect = task.host.get_connection(CONNECTION_NAME, task.nornir.config)
                  ^^^^^^^^^^^^^^^^^^^^^^^^^^^^^^^^^^^^^^^^^^^^^^^^^^^^^^^^^^^^^
  File "/home/tingle/myProject/qyt-aiops-session-17/.venv/lib/python3.11/site-packages/nornir/core/inventory.py", line 476, in get_connection
    self.open_connection(
  File "/home/tingle/myProject/qyt-aiops-session-17/.venv/lib/python3.11/site-packages/nornir/core/inventory.py", line 528, in open_connection
    conn_obj.open(
  File "/home/tingle/myProject/qyt-aiops-session-17/.venv/lib/python3.11/site-packages/nornir_netmiko/connections/netmiko.py", line 59, in open
    connection = ConnectHandler(**parameters)
                 ^^^^^^^^^^^^^^^^^^^^^^^^^^^^
  File "/home/tingle/myProject/qyt-aiops-session-17/.venv/lib/python3.11/site-packages/netmiko/ssh_dispatcher.py", line 460, in ConnectHandler
    return ConnectionClass(*args, **kwargs)
           ^^^^^^^^^^^^^^^^^^^^^^^^^^^^^^^^
  File "/home/tingle/myProject/qyt-aiops-session-17/.venv/lib/python3.11/site-packages/netmiko/base_connection.py", line 495, in __init__
    self._open()
  File "/home/tingle/myProject/qyt-aiops-session-17/.venv/lib/python3.11/site-packages/netmiko/base_connection.py", line 500, in _open
    self.establish_connection()
  File "/home/tingle/myProject/qyt-aiops-session-17/.venv/lib/python3.11/site-packages/netmiko/base_connection.py", line 1168, in establish_connection
    raise NetmikoTimeoutException(msg)
netmiko.exceptions.NetmikoTimeoutException: TCP connection to device failed.

Common causes of this problem are:
1. Incorrect hostname or IP address.
2. Wrong TCP port.
3. Intermediate firewall blocking access.

Device settings: cisco_ios 172.17.9.215:22



2025-11-06 02:40:27,428 - nornir.core.task -    ERROR -      start() - Host 'CSR2': task 'netmiko_send_config' failed with traceback:
Traceback (most recent call last):
  File "/home/tingle/myProject/qyt-aiops-session-17/.venv/lib/python3.11/site-packages/netmiko/base_connection.py", line 1146, in establish_connection
    self.remote_conn_pre.connect(**ssh_connect_params)
  File "/home/tingle/myProject/qyt-aiops-session-17/.venv/lib/python3.11/site-packages/paramiko/client.py", line 407, in connect
    raise NoValidConnectionsError(errors)
paramiko.ssh_exception.NoValidConnectionsError: [Errno None] Unable to connect to port 22 on 172.17.9.216

During handling of the above exception, another exception occurred:

Traceback (most recent call last):
  File "/home/tingle/myProject/qyt-aiops-session-17/.venv/lib/python3.11/site-packages/nornir/core/task.py", line 98, in start
    r = self.task(self, **self.params)
        ^^^^^^^^^^^^^^^^^^^^^^^^^^^^^^
  File "/home/tingle/myProject/qyt-aiops-session-17/.venv/lib/python3.11/site-packages/nornir_netmiko/tasks/netmiko_send_config.py", line 28, in netmiko_send_config
    net_connect = task.host.get_connection(CONNECTION_NAME, task.nornir.config)
                  ^^^^^^^^^^^^^^^^^^^^^^^^^^^^^^^^^^^^^^^^^^^^^^^^^^^^^^^^^^^^^
  File "/home/tingle/myProject/qyt-aiops-session-17/.venv/lib/python3.11/site-packages/nornir/core/inventory.py", line 476, in get_connection
    self.open_connection(
  File "/home/tingle/myProject/qyt-aiops-session-17/.venv/lib/python3.11/site-packages/nornir/core/inventory.py", line 528, in open_connection
    conn_obj.open(
  File "/home/tingle/myProject/qyt-aiops-session-17/.venv/lib/python3.11/site-packages/nornir_netmiko/connections/netmiko.py", line 59, in open
    connection = ConnectHandler(**parameters)
                 ^^^^^^^^^^^^^^^^^^^^^^^^^^^^
  File "/home/tingle/myProject/qyt-aiops-session-17/.venv/lib/python3.11/site-packages/netmiko/ssh_dispatcher.py", line 460, in ConnectHandler
    return ConnectionClass(*args, **kwargs)
           ^^^^^^^^^^^^^^^^^^^^^^^^^^^^^^^^
  File "/home/tingle/myProject/qyt-aiops-session-17/.venv/lib/python3.11/site-packages/netmiko/base_connection.py", line 495, in __init__
    self._open()
  File "/home/tingle/myProject/qyt-aiops-session-17/.venv/lib/python3.11/site-packages/netmiko/base_connection.py", line 500, in _open
    self.establish_connection()
  File "/home/tingle/myProject/qyt-aiops-session-17/.venv/lib/python3.11/site-packages/netmiko/base_connection.py", line 1168, in establish_connection
    raise NetmikoTimeoutException(msg)
netmiko.exceptions.NetmikoTimeoutException: TCP connection to device failed.

Common causes of this problem are:
1. Incorrect hostname or IP address.
2. Wrong TCP port.
3. Intermediate firewall blocking access.

Device settings: cisco_ios 172.17.9.216:22



2025-11-06 02:40:27,429 - nornir.core.task -    ERROR -      start() - Host 'CSR1': task 'push_csr_config' failed with traceback:
Traceback (most recent call last):
  File "/home/tingle/myProject/qyt-aiops-session-17/.venv/lib/python3.11/site-packages/nornir/core/task.py", line 98, in start
    r = self.task(self, **self.params)
        ^^^^^^^^^^^^^^^^^^^^^^^^^^^^^^
  File "/home/tingle/myProject/qyt-aiops-session-17/homework/opensourcesoftware/Day_2/nornir/config_device.py", line 65, in push_csr_config
    result = task.run(
             ^^^^^^^^^
  File "/home/tingle/myProject/qyt-aiops-session-17/.venv/lib/python3.11/site-packages/nornir/core/task.py", line 173, in run
    raise NornirSubTaskError(task=run_task, result=r)
nornir.core.exceptions.NornirSubTaskError: Subtask: netmiko_send_config (failed)


2025-11-06 02:40:27,429 - nornir.core.task -    ERROR -      start() - Host 'CSR2': task 'push_csr_config' failed with traceback:
Traceback (most recent call last):
  File "/home/tingle/myProject/qyt-aiops-session-17/.venv/lib/python3.11/site-packages/nornir/core/task.py", line 98, in start
    r = self.task(self, **self.params)
        ^^^^^^^^^^^^^^^^^^^^^^^^^^^^^^
  File "/home/tingle/myProject/qyt-aiops-session-17/homework/opensourcesoftware/Day_2/nornir/config_device.py", line 65, in push_csr_config
    result = task.run(
             ^^^^^^^^^
  File "/home/tingle/myProject/qyt-aiops-session-17/.venv/lib/python3.11/site-packages/nornir/core/task.py", line 173, in run
    raise NornirSubTaskError(task=run_task, result=r)
nornir.core.exceptions.NornirSubTaskError: Subtask: netmiko_send_config (failed)


2025-11-06 02:42:50,744 -  nornir.core -     INFO -        run() - Running task 'push_csr_config' with args {} on 2 hosts
2025-11-06 02:43:07,377 - nornir.core.task -    ERROR -      start() - Host 'CSR2': task 'netmiko_send_config' failed with traceback:
Traceback (most recent call last):
  File "/home/tingle/myProject/qyt-aiops-session-17/.venv/lib/python3.11/site-packages/nornir/core/task.py", line 98, in start
    r = self.task(self, **self.params)
        ^^^^^^^^^^^^^^^^^^^^^^^^^^^^^^
  File "/home/tingle/myProject/qyt-aiops-session-17/.venv/lib/python3.11/site-packages/nornir_netmiko/tasks/netmiko_send_config.py", line 38, in netmiko_send_config
    result = net_connect.send_config_set(config_commands=config_commands, **kwargs)
             ^^^^^^^^^^^^^^^^^^^^^^^^^^^^^^^^^^^^^^^^^^^^^^^^^^^^^^^^^^^^^^^^^^^^^^
  File "/home/tingle/myProject/qyt-aiops-session-17/.venv/lib/python3.11/site-packages/netmiko/base_connection.py", line 111, in wrapper_decorator
    return_val = func(self, *args, **kwargs)
                 ^^^^^^^^^^^^^^^^^^^^^^^^^^^
  File "/home/tingle/myProject/qyt-aiops-session-17/.venv/lib/python3.11/site-packages/netmiko/base_connection.py", line 2335, in send_config_set
    output += self.read_until_pattern(
              ^^^^^^^^^^^^^^^^^^^^^^^^
  File "/home/tingle/myProject/qyt-aiops-session-17/.venv/lib/python3.11/site-packages/netmiko/base_connection.py", line 755, in read_until_pattern
    raise ReadTimeout(msg)
netmiko.exceptions.ReadTimeout: 

Pattern not detected: 'no\\ shutdown' in output.

Things you might try to fix this:
1. Adjust the regex pattern to better identify the terminating string. Note, in
many situations the pattern is automatically based on the network device's prompt.
2. Increase the read_timeout to a larger value.

You can also look at the Netmiko session_log or debug log for more information.



2025-11-06 02:43:07,378 - nornir.core.task -    ERROR -      start() - Host 'CSR2': task 'push_csr_config' failed with traceback:
Traceback (most recent call last):
  File "/home/tingle/myProject/qyt-aiops-session-17/.venv/lib/python3.11/site-packages/nornir/core/task.py", line 98, in start
    r = self.task(self, **self.params)
        ^^^^^^^^^^^^^^^^^^^^^^^^^^^^^^
  File "/home/tingle/myProject/qyt-aiops-session-17/homework/opensourcesoftware/Day_2/nornir/config_device.py", line 65, in push_csr_config
    result = task.run(
             ^^^^^^^^^
  File "/home/tingle/myProject/qyt-aiops-session-17/.venv/lib/python3.11/site-packages/nornir/core/task.py", line 173, in run
    raise NornirSubTaskError(task=run_task, result=r)
nornir.core.exceptions.NornirSubTaskError: Subtask: netmiko_send_config (failed)


2025-11-06 02:43:07,400 - nornir.core.task -    ERROR -      start() - Host 'CSR1': task 'netmiko_send_config' failed with traceback:
Traceback (most recent call last):
  File "/home/tingle/myProject/qyt-aiops-session-17/.venv/lib/python3.11/site-packages/nornir/core/task.py", line 98, in start
    r = self.task(self, **self.params)
        ^^^^^^^^^^^^^^^^^^^^^^^^^^^^^^
  File "/home/tingle/myProject/qyt-aiops-session-17/.venv/lib/python3.11/site-packages/nornir_netmiko/tasks/netmiko_send_config.py", line 38, in netmiko_send_config
    result = net_connect.send_config_set(config_commands=config_commands, **kwargs)
             ^^^^^^^^^^^^^^^^^^^^^^^^^^^^^^^^^^^^^^^^^^^^^^^^^^^^^^^^^^^^^^^^^^^^^^
  File "/home/tingle/myProject/qyt-aiops-session-17/.venv/lib/python3.11/site-packages/netmiko/base_connection.py", line 111, in wrapper_decorator
    return_val = func(self, *args, **kwargs)
                 ^^^^^^^^^^^^^^^^^^^^^^^^^^^
  File "/home/tingle/myProject/qyt-aiops-session-17/.venv/lib/python3.11/site-packages/netmiko/base_connection.py", line 2335, in send_config_set
    output += self.read_until_pattern(
              ^^^^^^^^^^^^^^^^^^^^^^^^
  File "/home/tingle/myProject/qyt-aiops-session-17/.venv/lib/python3.11/site-packages/netmiko/base_connection.py", line 755, in read_until_pattern
    raise ReadTimeout(msg)
netmiko.exceptions.ReadTimeout: 

Pattern not detected: 'no\\ shutdown' in output.

Things you might try to fix this:
1. Adjust the regex pattern to better identify the terminating string. Note, in
many situations the pattern is automatically based on the network device's prompt.
2. Increase the read_timeout to a larger value.

You can also look at the Netmiko session_log or debug log for more information.



2025-11-06 02:43:07,401 - nornir.core.task -    ERROR -      start() - Host 'CSR1': task 'push_csr_config' failed with traceback:
Traceback (most recent call last):
  File "/home/tingle/myProject/qyt-aiops-session-17/.venv/lib/python3.11/site-packages/nornir/core/task.py", line 98, in start
    r = self.task(self, **self.params)
        ^^^^^^^^^^^^^^^^^^^^^^^^^^^^^^
  File "/home/tingle/myProject/qyt-aiops-session-17/homework/opensourcesoftware/Day_2/nornir/config_device.py", line 65, in push_csr_config
    result = task.run(
             ^^^^^^^^^
  File "/home/tingle/myProject/qyt-aiops-session-17/.venv/lib/python3.11/site-packages/nornir/core/task.py", line 173, in run
    raise NornirSubTaskError(task=run_task, result=r)
nornir.core.exceptions.NornirSubTaskError: Subtask: netmiko_send_config (failed)


2025-11-06 02:54:04,961 -  nornir.core -     INFO -        run() - Running task 'push_csr_config' with args {} on 2 hosts
2025-11-06 02:54:08,830 - nornir.core.task -    ERROR -      start() - Host 'CSR1': task 'push_csr_config' failed with traceback:
Traceback (most recent call last):
  File "/home/tingle/myProject/qyt-aiops-session-17/.venv/lib/python3.11/site-packages/nornir/core/task.py", line 98, in start
    r = self.task(self, **self.params)
        ^^^^^^^^^^^^^^^^^^^^^^^^^^^^^^
  File "/home/tingle/myProject/qyt-aiops-session-17/homework/opensourcesoftware/Day_2/nornir/config_device.py", line 63, in push_csr_config
    return Result(host=task.host, result=result)
                                         ^^^^^^
NameError: name 'result' is not defined

2025-11-06 02:54:13,786 - nornir.core.task -    ERROR -      start() - Host 'CSR2': task 'push_csr_config' failed with traceback:
Traceback (most recent call last):
  File "/home/tingle/myProject/qyt-aiops-session-17/.venv/lib/python3.11/site-packages/nornir/core/task.py", line 98, in start
    r = self.task(self, **self.params)
        ^^^^^^^^^^^^^^^^^^^^^^^^^^^^^^
  File "/home/tingle/myProject/qyt-aiops-session-17/homework/opensourcesoftware/Day_2/nornir/config_device.py", line 63, in push_csr_config
    return Result(host=task.host, result=result)
                                         ^^^^^^
NameError: name 'result' is not defined

2025-11-06 02:54:59,438 -  nornir.core -     INFO -        run() - Running task 'push_csr_config' with args {} on 2 hosts
2025-11-06 02:55:02,365 - nornir.core.task -    ERROR -      start() - Host 'CSR2': task 'push_csr_config' failed with traceback:
Traceback (most recent call last):
  File "/home/tingle/myProject/qyt-aiops-session-17/.venv/lib/python3.11/site-packages/nornir/core/task.py", line 98, in start
    r = self.task(self, **self.params)
        ^^^^^^^^^^^^^^^^^^^^^^^^^^^^^^
  File "/home/tingle/myProject/qyt-aiops-session-17/homework/opensourcesoftware/Day_2/nornir/config_device.py", line 63, in push_csr_config
    return Result(host=task.host, result=result)
                                         ^^^^^^
NameError: name 'result' is not defined

2025-11-06 02:55:02,422 - nornir.core.task -    ERROR -      start() - Host 'CSR1': task 'push_csr_config' failed with traceback:
Traceback (most recent call last):
  File "/home/tingle/myProject/qyt-aiops-session-17/.venv/lib/python3.11/site-packages/nornir/core/task.py", line 98, in start
    r = self.task(self, **self.params)
        ^^^^^^^^^^^^^^^^^^^^^^^^^^^^^^
  File "/home/tingle/myProject/qyt-aiops-session-17/homework/opensourcesoftware/Day_2/nornir/config_device.py", line 63, in push_csr_config
    return Result(host=task.host, result=result)
                                         ^^^^^^
NameError: name 'result' is not defined

2025-11-06 02:55:42,317 -  nornir.core -     INFO -        run() - Running task 'push_csr_config' with args {} on 2 hosts
2025-11-06 02:55:45,216 - nornir.core.task -    ERROR -      start() - Host 'CSR2': task 'push_csr_config' failed with traceback:
Traceback (most recent call last):
  File "/home/tingle/myProject/qyt-aiops-session-17/.venv/lib/python3.11/site-packages/nornir/core/task.py", line 98, in start
    r = self.task(self, **self.params)
        ^^^^^^^^^^^^^^^^^^^^^^^^^^^^^^
  File "/home/tingle/myProject/qyt-aiops-session-17/homework/opensourcesoftware/Day_2/nornir/config_device.py", line 63, in push_csr_config
    return Result(host=task.host, result=result)
                                         ^^^^^^
NameError: name 'result' is not defined

2025-11-06 02:55:45,329 - nornir.core.task -    ERROR -      start() - Host 'CSR1': task 'push_csr_config' failed with traceback:
Traceback (most recent call last):
  File "/home/tingle/myProject/qyt-aiops-session-17/.venv/lib/python3.11/site-packages/nornir/core/task.py", line 98, in start
    r = self.task(self, **self.params)
        ^^^^^^^^^^^^^^^^^^^^^^^^^^^^^^
  File "/home/tingle/myProject/qyt-aiops-session-17/homework/opensourcesoftware/Day_2/nornir/config_device.py", line 63, in push_csr_config
    return Result(host=task.host, result=result)
                                         ^^^^^^
NameError: name 'result' is not defined

2025-11-06 02:57:47,159 -  nornir.core -     INFO -        run() - Running task 'push_csr_config' with args {} on 2 hosts
2025-11-06 02:58:49,287 -  nornir.core -     INFO -        run() - Running task 'push_csr_config' with args {} on 2 hosts
2025-11-06 03:38:40,219 -  nornir.core -     INFO -        run() - Running task 'push_csr_config' with args {} on 2 hosts
